// Jest Snapshot v1, https://goo.gl/fbAQLP

exports[`CodeEditor renders successfully 1`] = `"Code"`;
