// Jest Snapshot v1, https://goo.gl/fbAQLP

exports[`Console renders successfully 1`] = `"Console"`;
