// Jest Snapshot v1, https://goo.gl/fbAQLP

exports[`Memory renders successfully 1`] = `"Memory"`;
