// Jest Snapshot v1, https://goo.gl/fbAQLP

exports[`Index renders successfully 1`] = `
<div
  className="MuiBox-root MuiBox-root-5 makeStyles-root-1"
>
  <div
    className="MuiBox-root MuiBox-root-6"
  >
    <div
      className="MuiGrid-root makeStyles-root-7 MuiGrid-container MuiGrid-direction-xs-column"
    >
      <div
        className="MuiGrid-root makeStyles-primaryPanel-3 MuiGrid-item"
      >
        Code
      </div>
      <div
        className="MuiGrid-root MuiGrid-item"
      >
        Actions - Run / Upload
      </div>
    </div>
  </div>
  <div
    className="MuiBox-root MuiBox-root-113 makeStyles-root-111"
    onMouseDown={[Function]}
  >
    <div
      className="MuiBox-root MuiBox-root-114 makeStyles-handle-112"
    />
  </div>
  <div
    className="MuiBox-root MuiBox-root-115 makeStyles-runtimePanelWrapper-2"
  >
    <div
      className="MuiGrid-root makeStyles-root-7 MuiGrid-container MuiGrid-direction-xs-column"
    >
      <div
        className="MuiGrid-root makeStyles-primaryPanel-3 MuiGrid-item"
      >
        Memory
      </div>
      <div
        className="MuiGrid-root MuiGrid-item"
      >
        Console
      </div>
    </div>
  </div>
</div>
`;
